1>El jugador prioritario es: 
Jugador 1: Juan, Uruguay, 21 aÃ±os
Bien.
2>Fin.
