1>#  creo una tabla de tamanio 4.
2>3>#  libero la tabla.
4>5>#  creo una tabla de tamanio 15.
6>7>#  libero la tabla.
8>9>Fin.
